---
source: crates/gcl-core/src/settings/doc.rs
assertion_line: 243
expression: summary
---
[
  [
    "renderDistance",
    "16",
    "Preseed"
  ],
  [
    "simulationDistance",
    "12",
    "Default"
  ],
  [
    "fov",
    "90",
    "Override"
  ],
  [
    "maxFps",
    "30",
    "File"
  ],
  [
    "gamma",
    "0.5",
    "Default"
  ],
  [
    "guiScale",
    "0",
    "Default"
  ],
  [
    "fullscreen",
    "false",
    "Default"
  ],
  [
    "enableVsync",
    "true",
    "Default"
  ],
  [
    "graphicsMode",
    "1",
    "Default"
  ],
  [
    "particles",
    "0",
    "Default"
  ],
  [
    "renderClouds",
    "true",
    "Default"
  ],
  [
    "entityShadows",
    "true",
    "Default"
  ],
  [
    "entityDistanceScaling",
    "1.0",
    "Default"
  ],
  [
    "biomeBlendRadius",
    "2",
    "Default"
  ],
  [
    "mipmapLevels",
    "4",
    "Default"
  ],
  [
    "bobView",
    "true",
    "Default"
  ],
  [
    "screenEffectScale",
    "1.0",
    "Default"
  ],
  [
    "fovEffectScale",
    "1.0",
    "Default"
  ],
  [
    "ao",
    "true",
    "Default"
  ],
  [
    "prioritizeChunkUpdates",
    "0",
    "Default"
  ],
  [
    "mouseSensitivity",
    "0.5",
    "Default"
  ],
  [
    "invertYMouse",
    "false",
    "Default"
  ],
  [
    "autoJump",
    "false",
    "Default"
  ],
  [
    "toggleCrouch",
    "false",
    "Default"
  ],
  [
    "toggleSprint",
    "false",
    "Default"
  ],
  [
    "rawMouseInput",
    "true",
    "Default"
  ],
  [
    "discrete_mouse_scroll",
    "false",
    "Default"
  ],
  [
    "mouseWheelSensitivity",
    "1.0",
    "Default"
  ],
  [
    "soundCategory_master",
    "1.0",
    "Default"
  ],
  [
    "soundCategory_music",
    "1.0",
    "Default"
  ],
  [
    "soundCategory_record",
    "1.0",
    "Default"
  ],
  [
    "soundCategory_weather",
    "1.0",
    "Default"
  ],
  [
    "soundCategory_block",
    "1.0",
    "Default"
  ],
  [
    "soundCategory_hostile",
    "1.0",
    "Default"
  ],
  [
    "soundCategory_neutral",
    "1.0",
    "Default"
  ],
  [
    "soundCategory_player",
    "1.0",
    "Default"
  ],
  [
    "soundCategory_ambient",
    "1.0",
    "Default"
  ],
  [
    "soundCategory_voice",
    "1.0",
    "Default"
  ],
  [
    "showSubtitles",
    "false",
    "Default"
  ],
  [
    "directionalAudio",
    "false",
    "Default"
  ],
  [
    "chatOpacity",
    "1.0",
    "Default"
  ],
  [
    "chatScale",
    "1.0",
    "Default"
  ],
  [
    "chatWidth",
    "1.0",
    "Default"
  ],
  [
    "chatHeightFocused",
    "1.0",
    "Default"
  ],
  [
    "chatHeightUnfocused",
    "0.44366196",
    "Default"
  ],
  [
    "chatLineSpacing",
    "0.0",
    "Default"
  ],
  [
    "narrator",
    "0",
    "Default"
  ],
  [
    "hideLightningFlashes",
    "false",
    "Default"
  ],
  [
    "darkMojangStudiosBackground",
    "false",
    "Default"
  ],
  [
    "panoramaScrollSpeed",
    "1.0",
    "Default"
  ],
  [
    "reducedDebugInfo",
    "false",
    "Default"
  ],
  [
    "autoSuggestions",
    "true",
    "Default"
  ],
  [
    "chatColors",
    "true",
    "Default"
  ],
  [
    "chatLinks",
    "true",
    "Default"
  ],
  [
    "chatLinksPrompt",
    "true",
    "Default"
  ],
  [
    "textBackgroundOpacity",
    "0.5",
    "Default"
  ],
  [
    "backgroundForChatOnly",
    "true",
    "Default"
  ],
  [
    "lang",
    "en_us",
    "Default"
  ],
  [
    "mainHand",
    "right",
    "Default"
  ],
  [
    "attackIndicator",
    "1",
    "Default"
  ],
  [
    "skipMultiplayerWarning",
    "false",
    "Default"
  ],
  [
    "telemetryOptInExtra",
    "false",
    "Default"
  ],
  [
    "syncChunkWrites",
    "true",
    "Default"
  ],
  [
    "useNativeTransport",
    "true",
    "Default"
  ],
  [
    "realmsNotifications",
    "true",
    "Default"
  ],
  [
    "allowServerListing",
    "true",
    "Default"
  ],
  [
    "hideMatchedNames",
    "false",
    "Default"
  ],
  [
    "resourcePacks",
    "[]",
    "Default"
  ],
  [
    "customFile",
    "3",
    "File"
  ],
  [
    "customOverride",
    "2",
    "Override"
  ],
  [
    "customPreseed",
    "1",
    "Preseed"
  ]
]
